../Core/Src/main.c:81:5:main	16	static
../Core/Src/main.c:150:6:SystemClock_Config	88	static
../Core/Src/main.c:196:13:MX_I2C1_Init	8	static
../Core/Src/main.c:230:13:MX_I2C3_Init	8	static
../Core/Src/main.c:264:13:MX_I2S3_Init	8	static
../Core/Src/main.c:298:13:MX_SPI1_Init	8	static
../Core/Src/main.c:336:13:MX_GPIO_Init	56	static
../Core/Src/main.c:425:6:config_max30102_sensor	8	static
../Core/Src/main.c:450:6:initiate_max30102_temp_measurement	8	static
../Core/Src/main.c:464:6:Error_Handler	4	static,ignoring_inline_asm
