../Core/Src/main.c:91:5:main	32	static
../Core/Src/main.c:231:6:SystemClock_Config	88	static
../Core/Src/main.c:277:13:MX_I2C1_Init	8	static
../Core/Src/main.c:311:13:MX_I2C3_Init	8	static
../Core/Src/main.c:345:13:MX_I2S3_Init	8	static
../Core/Src/main.c:379:13:MX_SPI1_Init	8	static
../Core/Src/main.c:417:13:MX_GPIO_Init	56	static
../Core/Src/main.c:506:6:config_max30102_sensor	8	static
../Core/Src/main.c:531:6:initiate_max30102_temp_measurement	8	static
../Core/Src/main.c:545:6:Error_Handler	4	static,ignoring_inline_asm
